\BOOKMARK [1][]{Doc-Start}{\376\377\000\040\000O\000v\000e\000r\000v\000i\000e\000w\000\040\000o\000f\000\040\000M\000a\000j\000o\000r\000\040\000I\000m\000p\000r\000o\000v\000e\000m\000e\000n\000t\000s}{}% 1
\BOOKMARK [1][]{Doc-Start}{\376\377\000\040\000R\000e\000s\000p\000o\000n\000s\000e\000\040\000t\000o\000\040\000t\000h\000e\000\040\000D\000e\000p\000a\000r\000t\000m\000e\000n\000t\000\040\000E\000d\000i\000t\000o\000r}{}% 2
\BOOKMARK [2][]{section*.1}{\376\377\000C\000o\000m\000m\000e\000n\000t\000\040\0001}{Doc-Start}% 3
\BOOKMARK [1][]{section*.1}{\376\377\000\040\000R\000e\000s\000p\000o\000n\000s\000e\000\040\000t\000o\000\040\000t\000h\000e\000\040\000A\000s\000s\000o\000c\000i\000a\000t\000e\000\040\000E\000d\000i\000t\000o\000r}{}% 4
\BOOKMARK [2][]{section*.2}{\376\377\000C\000o\000m\000m\000e\000n\000t\000\040\0002}{section*.1}% 5
\BOOKMARK [2][]{Item.4}{\376\377\000C\000o\000m\000m\000e\000n\000t\000\040\0003}{section*.1}% 6
\BOOKMARK [2][]{table.caption.16}{\376\377\000C\000o\000m\000m\000e\000n\000t\000\040\0004}{section*.1}% 7
\BOOKMARK [2][]{figure.caption.23}{\376\377\000C\000o\000m\000m\000e\000n\000t\000\040\0005}{section*.1}% 8
\BOOKMARK [1][]{figure.caption.23}{\376\377\000\040\000R\000e\000s\000p\000o\000n\000s\000e\000\040\000t\000o\000\040\000R\000e\000v\000i\000e\000w\000e\000r\000\040\0001}{}% 9
\BOOKMARK [2][]{section*.24}{\376\377\000C\000o\000m\000m\000e\000n\000t\000\040\0006}{figure.caption.23}% 10
\BOOKMARK [2][]{section*.24}{\376\377\000C\000o\000m\000m\000e\000n\000t\000\040\0007}{figure.caption.23}% 11
\BOOKMARK [2][]{figure.caption.29}{\376\377\000C\000o\000m\000m\000e\000n\000t\000\040\0008}{figure.caption.23}% 12
\BOOKMARK [2][]{table.caption.32}{\376\377\000C\000o\000m\000m\000e\000n\000t\000\040\0009}{figure.caption.23}% 13
\BOOKMARK [2][]{Item.18}{\376\377\000C\000o\000m\000m\000e\000n\000t\000\040\0001\0000}{figure.caption.23}% 14
\BOOKMARK [2][]{Item.18}{\376\377\000C\000o\000m\000m\000e\000n\000t\000\040\0001\0001}{figure.caption.23}% 15
\BOOKMARK [2][]{Item.18}{\376\377\000C\000o\000m\000m\000e\000n\000t\000\040\0001\0002}{figure.caption.23}% 16
\BOOKMARK [2][]{Item.20}{\376\377\000C\000o\000m\000m\000e\000n\000t\000\040\0001\0003}{figure.caption.23}% 17
\BOOKMARK [2][]{table.caption.33}{\376\377\000C\000o\000m\000m\000e\000n\000t\000\040\0001\0004}{figure.caption.23}% 18
\BOOKMARK [2][]{table.caption.34}{\376\377\000C\000o\000m\000m\000e\000n\000t\000\040\0001\0005}{figure.caption.23}% 19
\BOOKMARK [2][]{table.caption.35}{\376\377\000C\000o\000m\000m\000e\000n\000t\000\040\0001\0006}{figure.caption.23}% 20
\BOOKMARK [1][]{Item.29}{\376\377\000\040\000R\000e\000s\000p\000o\000n\000s\000e\000\040\000t\000o\000\040\000R\000e\000v\000i\000e\000w\000e\000r\000\040\0002}{}% 21
\BOOKMARK [2][]{section*.36}{\376\377\000C\000o\000m\000m\000e\000n\000t\000\040\0001\0007}{Item.29}% 22
\BOOKMARK [2][]{section*.36}{\376\377\000C\000o\000m\000m\000e\000n\000t\000\040\0001\0008}{Item.29}% 23
\BOOKMARK [2][]{Item.33}{\376\377\000C\000o\000m\000m\000e\000n\000t\000\040\0001\0009}{Item.29}% 24
\BOOKMARK [2][]{figure.caption.40}{\376\377\000C\000o\000m\000m\000e\000n\000t\000\040\0002\0000}{Item.29}% 25
\BOOKMARK [2][]{figure.caption.40}{\376\377\000C\000o\000m\000m\000e\000n\000t\000\040\0002\0001}{Item.29}% 26
